◇ injected env (0) from .env.local // tip: ⌁ auth for agents [www.vestauth.com]
◇ injected env (22) from .env // tip: ◈ secrets for agents [www.dotenvx.com]

Running 108 tests using 1 worker

  ✓    1 [chromium] › tests\14_pos_billing.spec.ts:153:7 › Module 14 - POS Billing & Checkout › F0 POS page exposes checkout, customer, and scanner surfaces (8.3s)
  ✓    2 [chromium] › tests\14_pos_billing.spec.ts:161:7 › Module 14 - POS Billing & Checkout › F1 rejects malformed checkout payloads and missing mandatory customer (5.9s)
  ✓    3 [chromium] › tests\14_pos_billing.spec.ts:173:7 › Module 14 - POS Billing & Checkout › F2 completes a cash checkout and persists customer, payment, tax, and sale line data (15.4s)
  ✓    4 [chromium] › tests\14_pos_billing.spec.ts:191:7 › Module 14 - POS Billing & Checkout › F3 applies Decimal-safe discount/tax arithmetic and exact stock deduction (16.9s)
  ✓    5 [chromium] › tests\14_pos_billing.spec.ts:212:7 › Module 14 - POS Billing & Checkout › F4 supports split cash plus card tender with exact payment sum (16.1s)
  ✓    6 [chromium] › tests\14_pos_billing.spec.ts:225:7 › Module 14 - POS Billing & Checkout › F5 blocks insufficient stock and invalid payment legs without creating a sale (8.8s)
  ✓    7 [chromium] › tests\14_pos_billing.spec.ts:239:7 › Module 14 - POS Billing & Checkout › F6 supports held sale creation and deletes it without touching stock (16.4s)
  ✓    8 [chromium] › tests\14_pos_billing.spec.ts:256:7 › Module 14 - POS Billing & Checkout › F7 generates an authenticated thermal receipt and preserves immutable sale history (20.4s)
  ✓    9 [chromium] › tests\14_pos_billing.spec.ts:271:7 › Module 14 - POS Billing & Checkout › F8 voids a completed sale through a reversal path and restores stock (22.3s)
  ✓   10 [chromium] › tests\14_pos_billing.spec.ts:285:7 › Module 14 - POS Billing & Checkout › F9 zero-value checkout requires a reason and replacement requires a valid original reference (16.8s)
  ✓   11 [chromium] › tests\14_pos_billing.spec.ts:317:7 › Module 14 - POS Billing & Checkout › F11 PRODUCT_REPLACEMENT requires a defective barcode that resolves to a tenant variant (32.4s)
  ✓   12 [chromium] › tests\14_pos_billing.spec.ts:365:7 › Module 14 - POS Billing & Checkout › F10 rejects a closed or unknown shift and rejects cross-tenant variant/customer references (15.1s)
  ✘   13 [chromium] › tests\14_pos_billing.spec.ts:383:7 › Module 14 - POS Billing & Checkout › S1 enforces unauthenticated and CASHIER endpoint boundaries (54.7s)
  -   14 [chromium] › tests\14_pos_billing.spec.ts:394:7 › Module 14 - POS Billing & Checkout › S2 prevents an authenticated user from reading another tenant sale by id
  -   15 [chromium] › tests\14_pos_billing.spec.ts:405:7 › Module 14 - POS Billing & Checkout › S3 validates Unicode, emoji, XSS-shaped customer data, and phone boundaries
  -   16 [chromium] › tests\14_pos_billing.spec.ts:414:7 › Module 14 - POS Billing & Checkout › C1 handles scanner-like barcode bursts and product search on the POS page
  -   17 [chromium] › tests\14_pos_billing.spec.ts:425:7 › Module 14 - POS Billing & Checkout › C2 treats a mocked 500/504 checkout response as recoverable UI error
  -   18 [chromium] › tests\14_pos_billing.spec.ts:435:7 › Module 14 - POS Billing & Checkout › C3 resists rapid duplicate hold submissions without producing an unhandled server failure
  -   19 [chromium] › tests\14_pos_billing.spec.ts:450:7 › Module 14 - POS Billing & Checkout › C4 validates future-dated and malformed sales filters without leaking data
  ✓   20 [chromium] › tests\15_promotions_pricing.spec.ts:123:7 › Module 15 - Promotions, Discounts & Customer Pricing › F0 exposes the promotions page and CRUD controls (8.4s)
  ✓   21 [chromium] › tests\15_promotions_pricing.spec.ts:131:7 › Module 15 - Promotions, Discounts & Customer Pricing › F1 creates, lists, updates, and deactivates a promotion (13.4s)
  ✓   22 [chromium] › tests\15_promotions_pricing.spec.ts:160:7 › Module 15 - Promotions, Discounts & Customer Pricing › F2 validates promotion type, value, and bounded text inputs (9.3s)
  ✓   23 [chromium] › tests\15_promotions_pricing.spec.ts:175:7 › Module 15 - Promotions, Discounts & Customer Pricing › F3 evaluates cart percentage and fixed discounts with exact LKR cents (8.3s)
  ✓   24 [chromium] › tests\15_promotions_pricing.spec.ts:192:7 › Module 15 - Promotions, Discounts & Customer Pricing › F4 evaluates BOGO and category promotions only for eligible cart lines (8.3s)
  ✓   25 [chromium] › tests\15_promotions_pricing.spec.ts:209:7 › Module 15 - Promotions, Discounts & Customer Pricing › F5 validates promo codes case-insensitively and rejects expired or unknown codes (9.5s)
  ✓   26 [chromium] › tests\15_promotions_pricing.spec.ts:231:7 › Module 15 - Promotions, Discounts & Customer Pricing › F6 honors scheduled windows and ignores inactive promotions (9.3s)
  ✓   27 [chromium] › tests\15_promotions_pricing.spec.ts:246:7 › Module 15 - Promotions, Discounts & Customer Pricing › F7 persists evaluated discount and applied promotion on a completed sale (20.1s)
  ✓   28 [chromium] › tests\15_promotions_pricing.spec.ts:269:7 › Module 15 - Promotions, Discounts & Customer Pricing › F8 bulk price updates preserve two-decimal arithmetic and audit the product (15.2s)
  ✓   29 [chromium] › tests\15_promotions_pricing.spec.ts:287:7 › Module 15 - Promotions, Discounts & Customer Pricing › F9 customer pricing rules apply to tagged customers and stop when deactivated (34.9s)
  ✓   30 [chromium] › tests\15_promotions_pricing.spec.ts:348:7 › Module 15 - Promotions, Discounts & Customer Pricing › S1 enforces unauthenticated and cashier permissions (16.4s)
  ✓   31 [chromium] › tests\15_promotions_pricing.spec.ts:357:7 › Module 15 - Promotions, Discounts & Customer Pricing › S2 prevents cross-tenant promotion and product price access (16.5s)
  ✓   32 [chromium] › tests\15_promotions_pricing.spec.ts:369:7 › Module 15 - Promotions, Discounts & Customer Pricing › X1 round-trips Sinhala, Tamil, emoji, and XSS-shaped promotion text inertly (10.0s)
  ✓   33 [chromium] › tests\15_promotions_pricing.spec.ts:383:7 › Module 15 - Promotions, Discounts & Customer Pricing › X2 rejects negative quantities and hostile numeric overflow without a server 500 (11.2s)
  ✓   34 [chromium] › tests\15_promotions_pricing.spec.ts:414:7 › Module 15 - Promotions, Discounts & Customer Pricing › H1 supports scanner-like SKU input on the promotions-adjacent POS catalog (9.7s)
  ✓   35 [chromium] › tests\15_promotions_pricing.spec.ts:423:7 › Module 15 - Promotions, Discounts & Customer Pricing › N1 treats mocked promotion outages as recoverable HTTP failures (5.6s)
  ✓   36 [chromium] › tests\15_promotions_pricing.spec.ts:435:7 › Module 15 - Promotions, Discounts & Customer Pricing › N2 concurrent promotion submissions never produce an unhandled server failure (6.9s)
  ✓   37 [chromium] › tests\15_promotions_pricing.spec.ts:445:7 › Module 15 - Promotions, Discounts & Customer Pricing › T1 rejects malformed promotion dates rather than silently activating invalid windows (6.4s)
  ✓   38 [chromium] › tests\15_promotions_pricing.spec.ts:455:7 › Module 15 - Promotions, Discounts & Customer Pricing › T2 does not leak promotion data across a future or expired time window (8.2s)
  ✓   39 [chromium] › tests\16_purchases_po_grn.spec.ts:108:7 › Module 16 - Purchases, PO Creation & Goods Receipt › F0 renders the PO list, creation page, detail route, and receiving surface (13.7s)
  ✓   40 [chromium] › tests\16_purchases_po_grn.spec.ts:117:7 › Module 16 - Purchases, PO Creation & Goods Receipt › F1 creates a PO with Decimal-safe LKR total and persisted snapshots (9.1s)
  ✓   41 [chromium] › tests\16_purchases_po_grn.spec.ts:127:7 › Module 16 - Purchases, PO Creation & Goods Receipt › F2 validates mandatory supplier, lines, quantity, price, and bounded notes (11.0s)
  ✓   42 [chromium] › tests\16_purchases_po_grn.spec.ts:143:7 › Module 16 - Purchases, PO Creation & Goods Receipt › F3 transitions DRAFT to SENT and rejects illegal transitions (11.6s)
  ✓   43 [chromium] › tests\16_purchases_po_grn.spec.ts:158:7 › Module 16 - Purchases, PO Creation & Goods Receipt › F4 receives goods directly into stock, movement ledger, batch, and cost price (25.7s)
  ✓   44 [chromium] › tests\16_purchases_po_grn.spec.ts:191:7 › Module 16 - Purchases, PO Creation & Goods Receipt › F8 captures batch number and expiry date from the receiving worksheet UI (47.3s)
  ✓   45 [chromium] › tests\16_purchases_po_grn.spec.ts:264:7 › Module 16 - Purchases, PO Creation & Goods Receipt › F5 supports partial receipt then closes only after the remaining quantity (27.6s)
  ✓   46 [chromium] › tests\16_purchases_po_grn.spec.ts:278:7 › Module 16 - Purchases, PO Creation & Goods Receipt › F6 rejects over-receipt and preserves stock and PO state (16.1s)
  ✓   47 [chromium] › tests\16_purchases_po_grn.spec.ts:290:7 › Module 16 - Purchases, PO Creation & Goods Receipt › F7 cancellation is a reversible workflow boundary with no delete endpoint (13.3s)
  ✓   48 [chromium] › tests\16_purchases_po_grn.spec.ts:302:7 › Module 16 - Purchases, PO Creation & Goods Receipt › P1 handles LKR precision without float drift and rounds actual cost to cents (19.1s)
  ✓   49 [chromium] › tests\16_purchases_po_grn.spec.ts:314:7 › Module 16 - Purchases, PO Creation & Goods Receipt › L1 exposes purchase receive ledger rows with actor and before/after quantities (7.9s)
  ✓   50 [chromium] › tests\16_purchases_po_grn.spec.ts:326:7 › Module 16 - Purchases, PO Creation & Goods Receipt › R1 enforces an exactly-once concurrent receipt: one 200, one typed 409 (BUG-48 fixed) (26.3s)
  ✓   51 [chromium] › tests\16_purchases_po_grn.spec.ts:352:7 › Module 16 - Purchases, PO Creation & Goods Receipt › H1 supports scanner-like SKU search on the new-PO page (10.5s)
  ✓   52 [chromium] › tests\16_purchases_po_grn.spec.ts:366:7 › Module 16 - Purchases, PO Creation & Goods Receipt › N1 renders a graceful error state when the PO list API returns 504 (8.7s)
  ✓   53 [chromium] › tests\16_purchases_po_grn.spec.ts:374:7 › Module 16 - Purchases, PO Creation & Goods Receipt › S1 enforces unauthenticated, cashier, and cross-tenant boundaries (24.9s)
  ✓   54 [chromium] › tests\16_purchases_po_grn.spec.ts:389:7 › Module 16 - Purchases, PO Creation & Goods Receipt › S2 rejects unknown and malformed route identifiers without leaking data (10.0s)
  ✓   55 [chromium] › tests\16_purchases_po_grn.spec.ts:397:7 › Module 16 - Purchases, PO Creation & Goods Receipt › X1 round-trips Unicode, emojis, and inert XSS in notes (13.0s)
  ✓   56 [chromium] › tests\16_purchases_po_grn.spec.ts:408:7 › Module 16 - Purchases, PO Creation & Goods Receipt › X2 rejects negative, zero, fractional, overflow, and hostile receive quantities (18.7s)
  ✓   57 [chromium] › tests\16_purchases_po_grn.spec.ts:419:7 › Module 16 - Purchases, PO Creation & Goods Receipt › T1 filters POs by status and rejects receiving an expired workflow state (16.6s)
  ✓   58 [chromium] › tests\16_purchases_po_grn.spec.ts:430:7 › Module 16 - Purchases, PO Creation & Goods Receipt › T2 ignores forged timestamps and keeps receipt expiry as supplied ISO time (11.6s)
  ✓   59 [chromium] › tests\17_returns_refunds.spec.ts:115:7 › Module 17 - Returns & Refunds › F0 renders the management and POS return-history pages (12.4s)
  ✓   60 [chromium] › tests\17_returns_refunds.spec.ts:124:7 › Module 17 - Returns & Refunds › F1 creates a cash return, restores stock, and writes SALE_RETURN evidence (29.9s)
  ✓   61 [chromium] › tests\17_returns_refunds.spec.ts:146:7 › Module 17 - Returns & Refunds › F2 supports store credit with Decimal-safe refund arithmetic (23.6s)
  ✓   62 [chromium] › tests\17_returns_refunds.spec.ts:159:7 › Module 17 - Returns & Refunds › F3 requires a card reversal reference and persists the authorized manager snapshot (27.5s)
  ✓   63 [chromium] › tests\17_returns_refunds.spec.ts:174:7 › Module 17 - Returns & Refunds › F4 supports partial returns and rejects a quantity beyond the returnable balance (38.1s)
  ✓   64 [chromium] › tests\17_returns_refunds.spec.ts:189:7 › Module 17 - Returns & Refunds › F5 keeps non-restocked returns out of inventory while retaining immutable line history (26.7s)
  ✓   65 [chromium] › tests\17_returns_refunds.spec.ts:204:7 › Module 17 - Returns & Refunds › F6 rejects malformed, negative, zero, fractional, overflow, and overlong return payloads (11.2s)
  ✓   66 [chromium] › tests\17_returns_refunds.spec.ts:221:7 › Module 17 - Returns & Refunds › F7 rejects returns for unknown and voided sales and isolates tenant references (37.9s)
  ✓   67 [chromium] › tests\17_returns_refunds.spec.ts:246:7 › Module 17 - Returns & Refunds › F8 exposes return detail and a thermal receipt without hard-delete support (27.8s)
  ✓   68 [chromium] › tests\17_returns_refunds.spec.ts:263:7 › Module 17 - Returns & Refunds › F9 lists and filters returns by original sale and refund method (28.8s)
  ✓   69 [chromium] › tests\17_returns_refunds.spec.ts:278:7 › Module 17 - Returns & Refunds › S1 enforces unauthenticated and CASHIER refund boundaries (29.6s)
  ✓   70 [chromium] › tests\17_returns_refunds.spec.ts:292:7 › Module 17 - Returns & Refunds › S2 prevents another tenant from reading a return by id (34.2s)
  ✓   71 [chromium] › tests\17_returns_refunds.spec.ts:307:7 › Module 17 - Returns & Refunds › B1 persists Sinhala, Tamil, emoji, and XSS-shaped reasons as inert text (27.0s)
  ✓   72 [chromium] › tests\17_returns_refunds.spec.ts:322:7 › Module 17 - Returns & Refunds › B2 ignores forged sale timestamps and rejects invalid return filters without leaking internals (17.3s)
  ✓   73 [chromium] › tests\17_returns_refunds.spec.ts:343:7 › Module 17 - Returns & Refunds › C1 supports scanner-like sale-ID entry in the real return sheet (20.3s)
  ✓   74 [chromium] › tests\17_returns_refunds.spec.ts:360:7 › Module 17 - Returns & Refunds › C2 treats mocked 504 return-history data as a recoverable page state (7.0s)
  ✓   75 [chromium] › tests\17_returns_refunds.spec.ts:370:7 › Module 17 - Returns & Refunds › C3 pins concurrent duplicate returns without accepting a server crash (BUG candidate) (26.6s)
  ✓   76 [chromium] › tests\17_returns_refunds.spec.ts:391:7 › Module 17 - Returns & Refunds › C4 blocks a rapid duplicate UI submission path from producing an unhandled response (26.2s)
  ✓   77 [chromium] › tests\18_shifts_cash.spec.ts:148:7 › Module 18 - Shifts, Cash Movements & Z-Report › F0 renders the shifts dashboard and shift-print state with empty IDs (17.8s)
  ✓   78 [chromium] › tests\18_shifts_cash.spec.ts:163:7 › Module 18 - Shifts, Cash Movements & Z-Report › F1 opens a shift and rejects duplicate opening while current-shift is visible (18.1s)
  ✓   79 [chromium] › tests\18_shifts_cash.spec.ts:181:7 › Module 18 - Shifts, Cash Movements & Z-Report › F2 records valid and invalid cash movements within the current shift (21.7s)
  ✓   80 [chromium] › tests\18_shifts_cash.spec.ts:215:7 › Module 18 - Shifts, Cash Movements & Z-Report › F3 close-shift writes the closure snapshot and cash difference correctly (33.1s)
  ✓   81 [chromium] › tests\18_shifts_cash.spec.ts:235:7 › Module 18 - Shifts, Cash Movements & Z-Report › F4 builds a Z-report and reconciles cash, sales, and returns (31.5s)
  ✓   82 [chromium] › tests\18_shifts_cash.spec.ts:255:7 › Module 18 - Shifts, Cash Movements & Z-Report › F5 blocks unauthorized closures and rejects wrong tenant access (23.5s)
  ✓   83 [chromium] › tests\18_shifts_cash.spec.ts:277:7 › Module 18 - Shifts, Cash Movements & Z-Report › F6 validates filters and pagination on the shift list without 500s (7.8s)
  ✘   84 [chromium] › tests\18_shifts_cash.spec.ts:293:7 › Module 18 - Shifts, Cash Movements & Z-Report › F7 rejects malformed cash movement payloads and non-open shifts (15.5s)
  -   85 [chromium] › tests\18_shifts_cash.spec.ts:316:7 › Module 18 - Shifts, Cash Movements & Z-Report › F8 time-travel and shift-expiry logic remain stable across date boundaries
  -   86 [chromium] › tests\18_shifts_cash.spec.ts:325:7 › Module 18 - Shifts, Cash Movements & Z-Report › F9 security and permission gates block anonymous or wrong-role access
  -   87 [chromium] › tests\18_shifts_cash.spec.ts:336:7 › Module 18 - Shifts, Cash Movements & Z-Report › F10 race-condition guard prevents duplicate open-shift creation when a second request arrives concurrently
  ✓   88 [chromium] › tests\19_expenses_petty_cash.spec.ts:51:7 › Module 19 - Expenses & Petty Cash › F0 loads the expenses and petty-cash screens for the owner (19.7s)
  ✘   89 [chromium] › tests\19_expenses_petty_cash.spec.ts:61:7 › Module 19 - Expenses & Petty Cash › F1 creates a valid linked expense and reduces the fund balance (9.0s)
  -   90 [chromium] › tests\19_expenses_petty_cash.spec.ts:82:7 › Module 19 - Expenses & Petty Cash › F2 rejects invalid expense payloads and keeps validation errors on the API boundary
  -   91 [chromium] › tests\19_expenses_petty_cash.spec.ts:114:7 › Module 19 - Expenses & Petty Cash › F3 updates the fund configuration and preserves the balance equation
  -   92 [chromium] › tests\19_expenses_petty_cash.spec.ts:140:7 › Module 19 - Expenses & Petty Cash › F3b blocks a fund-overdrawing expense by default and allows it with a manager approval (M19-01/D2)
  -   93 [chromium] › tests\19_expenses_petty_cash.spec.ts:180:7 › Module 19 - Expenses & Petty Cash › F4 triggers a low-balance alert once the running balance crosses the threshold
  -   94 [chromium] › tests\19_expenses_petty_cash.spec.ts:212:7 › Module 19 - Expenses & Petty Cash › F5 computes the cash-flow totals grouped by expense category
  -   95 [chromium] › tests\19_expenses_petty_cash.spec.ts:222:7 › Module 19 - Expenses & Petty Cash › F6 exports the petty-cash ledger to CSV with a valid attachment
  -   96 [chromium] › tests\19_expenses_petty_cash.spec.ts:233:7 › Module 19 - Expenses & Petty Cash › F7 RBAC blocks cashiers from reading or mutating expenses and petty cash
  -   97 [chromium] › tests\19_expenses_petty_cash.spec.ts:251:7 › Module 19 - Expenses & Petty Cash › F8 cross-tenant isolation prevents one business from viewing another tenant balance
  -   98 [chromium] › tests\19_expenses_petty_cash.spec.ts:261:7 › Module 19 - Expenses & Petty Cash › F9 accepts Unicode / XSS-safe descriptions in expense records without crashing
  -   99 [chromium] › tests\19_expenses_petty_cash.spec.ts:277:7 › Module 19 - Expenses & Petty Cash › F10 rejects malformed query filters and keeps the API contract stable
  ✓  100 [chromium] › tests\20_timeclock_commissions.spec.ts:61:7 › Module 20 - Timeclock & Staff Commissions › T0 loads the timeclock and commission pages for the owner (13.0s)
  ✓  101 [chromium] › tests\20_timeclock_commissions.spec.ts:72:7 › Module 20 - Timeclock & Staff Commissions › T1 clock-in / clock-out happy path persists time-clock history (19.2s)
  ✓  102 [chromium] › tests\20_timeclock_commissions.spec.ts:105:7 › Module 20 - Timeclock & Staff Commissions › T2 rejects duplicate clock-ins and invalid clock-out state (17.4s)
  ✓  103 [chromium] › tests\20_timeclock_commissions.spec.ts:139:7 › Module 20 - Timeclock & Staff Commissions › T3 commission summary and payout history return a stable contract for the tenant (11.9s)
  ✓  104 [chromium] › tests\20_timeclock_commissions.spec.ts:165:7 › Module 20 - Timeclock & Staff Commissions › T4 payout creation validates payloads and either accepts or returns a domain-level 400 (12.8s)
  ✓  105 [chromium] › tests\20_timeclock_commissions.spec.ts:232:7 › Module 20 - Timeclock & Staff Commissions › T5 RBAC blocks cashiers from timeclock and commission actions (18.8s)
  ✓  106 [chromium] › tests\20_timeclock_commissions.spec.ts:268:7 › Module 20 - Timeclock & Staff Commissions › T6 cross-tenant isolation prevents another tenant from reading or mutating a remote staff record (10.7s)
  ✓  107 [chromium] › tests\20_timeclock_commissions.spec.ts:284:7 › Module 20 - Timeclock & Staff Commissions › T7 timeclock notes accept Unicode and XSS payloads without server crashes (11.8s)
  ✓  108 [chromium] › tests\20_timeclock_commissions.spec.ts:308:7 › Module 20 - Timeclock & Staff Commissions › T8 malformed date ranges and page queries do not crash the commission endpoints (9.3s)


  1) [chromium] › tests\14_pos_billing.spec.ts:383:7 › Module 14 - POS Billing & Checkout › S1 enforces unauthenticated and CASHIER endpoint boundaries 

    Error: expect(page).toHaveURL(expected) failed

    Expected pattern: /\/(dashboard|pos)/
    Received string:  "http://localhost:3003/login"
    Timeout: 30000ms

    Call log:
      - Expect "toHaveURL" with timeout 30000ms
        62 × locator resolved to <html lang="en" class="displayfont_744608b-module__yMx-HW__variable bodyfont_babc60c2-module__gh0JdW__variable monofont_51918c6c-module__FepNyW__variable antialiased">…</html>
           - unexpected value "http://localhost:3003/login"


      50 |       * the trailing URL check below resolves the race. */
      51 |    }
    > 52 |     await expect(page).toHaveURL(/\/(dashboard|pos)/, { timeout: 30_000 });
         |                        ^
      53 |   }
      54 | }
      55 |
        at login (E:\work_git_repos\pos-lite\erp\tests\14_pos_billing.spec.ts:52:24)
        at E:\work_git_repos\pos-lite\erp\tests\14_pos_billing.spec.ts:386:5

    attachment #1: screenshot (image/png) ──────────────────────────────────────────────────────────
    test-results\14_pos_billing-Module-14---02132-CASHIER-endpoint-boundaries-chromium\test-failed-1.png
    ────────────────────────────────────────────────────────────────────────────────────────────────

    Error Context: test-results\14_pos_billing-Module-14---02132-CASHIER-endpoint-boundaries-chromium\error-context.md

    attachment #3: screenshot (image/png) ──────────────────────────────────────────────────────────
    test-results\14_pos_billing-Module-14---02132-CASHIER-endpoint-boundaries-chromium\test-failed-2.png
    ────────────────────────────────────────────────────────────────────────────────────────────────

    Error Context: test-results\14_pos_billing-Module-14---02132-CASHIER-endpoint-boundaries-chromium\error-context.md

    attachment #5: trace (application/zip) ─────────────────────────────────────────────────────────
    test-results\14_pos_billing-Module-14---02132-CASHIER-endpoint-boundaries-chromium\trace.zip
    Usage:

        npx playwright show-trace test-results\14_pos_billing-Module-14---02132-CASHIER-endpoint-boundaries-chromium\trace.zip

    ────────────────────────────────────────────────────────────────────────────────────────────────

  2) [chromium] › tests\18_shifts_cash.spec.ts:293:7 › Module 18 - Shifts, Cash Movements & Z-Report › F7 rejects malformed cash movement payloads and non-open shifts 

    Error: expect(received).toBe(expected) // Object.is equality

    Expected: 400
    Received: 409

      298 |       reason: 'bad',
      299 |     });
    > 300 |     expect(invalidType.status()).toBe(400);
          |                                  ^
      301 |
      302 |     const maxLength = await post(page, `/api/store/shifts/${state.shiftId}/cash-movements`, {
      303 |       type: 'MANUAL_IN',
        at E:\work_git_repos\pos-lite\erp\tests\18_shifts_cash.spec.ts:300:34

    attachment #1: screenshot (image/png) ──────────────────────────────────────────────────────────
    test-results\18_shifts_cash-Module-18---16b44-ayloads-and-non-open-shifts-chromium\test-failed-1.png
    ────────────────────────────────────────────────────────────────────────────────────────────────

    Error Context: test-results\18_shifts_cash-Module-18---16b44-ayloads-and-non-open-shifts-chromium\error-context.md

    attachment #3: screenshot (image/png) ──────────────────────────────────────────────────────────
    test-results\18_shifts_cash-Module-18---16b44-ayloads-and-non-open-shifts-chromium\test-failed-2.png
    ────────────────────────────────────────────────────────────────────────────────────────────────

    Error Context: test-results\18_shifts_cash-Module-18---16b44-ayloads-and-non-open-shifts-chromium\error-context.md

    attachment #5: trace (application/zip) ─────────────────────────────────────────────────────────
    test-results\18_shifts_cash-Module-18---16b44-ayloads-and-non-open-shifts-chromium\trace.zip
    Usage:

        npx playwright show-trace test-results\18_shifts_cash-Module-18---16b44-ayloads-and-non-open-shifts-chromium\trace.zip

    ────────────────────────────────────────────────────────────────────────────────────────────────

  3) [chromium] › tests\19_expenses_petty_cash.spec.ts:61:7 › Module 19 - Expenses & Petty Cash › F1 creates a valid linked expense and reduces the fund balance 

    Error: expect(received).toBe(expected) // Object.is equality

    Expected: 201
    Received: 422

      71 |     });
      72 |
    > 73 |     expect(create.response.status()).toBe(201);
         |                                      ^
      74 |     expect(create.body?.success).toBe(true);
      75 |     expect(Number(create.body?.data?.amount)).toBeCloseTo(amount, 2);
      76 |
        at E:\work_git_repos\pos-lite\erp\tests\19_expenses_petty_cash.spec.ts:73:38

    attachment #1: screenshot (image/png) ──────────────────────────────────────────────────────────
    test-results\19_expenses_petty_cash-Mod-546ff-nd-reduces-the-fund-balance-chromium\test-failed-1.png
    ────────────────────────────────────────────────────────────────────────────────────────────────

    Error Context: test-results\19_expenses_petty_cash-Mod-546ff-nd-reduces-the-fund-balance-chromium\error-context.md

    attachment #3: trace (application/zip) ─────────────────────────────────────────────────────────
    test-results\19_expenses_petty_cash-Mod-546ff-nd-reduces-the-fund-balance-chromium\trace.zip
    Usage:

        npx playwright show-trace test-results\19_expenses_petty_cash-Mod-546ff-nd-reduces-the-fund-balance-chromium\trace.zip

    ────────────────────────────────────────────────────────────────────────────────────────────────

  Slow test file: [chromium] › tests\17_returns_refunds.spec.ts (7.5m)
  Slow test file: [chromium] › tests\16_purchases_po_grn.spec.ts (5.7m)
  Consider running tests from slow files in parallel. See: https://playwright.dev/docs/test-parallel
  3 failed
    [chromium] › tests\14_pos_billing.spec.ts:383:7 › Module 14 - POS Billing & Checkout › S1 enforces unauthenticated and CASHIER endpoint boundaries 
    [chromium] › tests\18_shifts_cash.spec.ts:293:7 › Module 18 - Shifts, Cash Movements & Z-Report › F7 rejects malformed cash movement payloads and non-open shifts 
    [chromium] › tests\19_expenses_petty_cash.spec.ts:61:7 › Module 19 - Expenses & Petty Cash › F1 creates a valid linked expense and reduces the fund balance 
  19 did not run
  86 passed (30.1m)
