◇ injected env (0) from .env.local // tip: ⌘ enable debugging { debug: true }
◇ injected env (22) from .env // tip: ⌘ multiple files { path: ['.env.local', '.env'] }

Running 3 tests using 1 worker

  ✘  1 [chromium] › tests\14_pos_billing.spec.ts:191:7 › Module 14 - POS Billing & Checkout › F3 applies Decimal-safe discount/tax arithmetic and exact stock deduction (18.9s)
  ✘  2 [chromium] › tests\15_promotions_pricing.spec.ts:192:7 › Module 15 - Promotions, Discounts & Customer Pricing › F4 evaluates BOGO and category promotions only for eligible cart lines (7.7s)
  ✘  3 [chromium] › tests\20_timeclock_commissions.spec.ts:268:7 › Module 20 - Timeclock & Staff Commissions › T6 cross-tenant isolation prevents another tenant from reading or mutating a remote staff record (10.5s)


  1) [chromium] › tests\14_pos_billing.spec.ts:191:7 › Module 14 - POS Billing & Checkout › F3 applies Decimal-safe discount/tax arithmetic and exact stock deduction 

    Error: expect(received).toBe(expected) // Object.is equality

    Expected: 52
    Received: 30

      206 |     expect(Number((sale.lines[0].lineTotalBeforeDiscount))).toBe(Number((Number(sale.lines[0].unitPrice) * 2).toFixed(2)));
      207 |     const stockAfterSale = (await fixture(page)).variant.stockQuantity;
    > 208 |     expect(stockAfterSale).toBe(stockBeforeSale - 2);
          |                            ^
      209 |     state.saleIds.push(sale.id);
      210 |   });
      211 |
        at E:\work_git_repos\pos-lite\erp\tests\14_pos_billing.spec.ts:208:28

    attachment #1: screenshot (image/png) ──────────────────────────────────────────────────────────
    test-results\14_pos_billing-Module-14---819e8-c-and-exact-stock-deduction-chromium\test-failed-1.png
    ────────────────────────────────────────────────────────────────────────────────────────────────

    Error Context: test-results\14_pos_billing-Module-14---819e8-c-and-exact-stock-deduction-chromium\error-context.md

    attachment #3: screenshot (image/png) ──────────────────────────────────────────────────────────
    test-results\14_pos_billing-Module-14---819e8-c-and-exact-stock-deduction-chromium\test-failed-2.png
    ────────────────────────────────────────────────────────────────────────────────────────────────

    Error Context: test-results\14_pos_billing-Module-14---819e8-c-and-exact-stock-deduction-chromium\error-context.md

    attachment #5: trace (application/zip) ─────────────────────────────────────────────────────────
    test-results\14_pos_billing-Module-14---819e8-c-and-exact-stock-deduction-chromium\trace.zip
    Usage:

        npx playwright show-trace test-results\14_pos_billing-Module-14---819e8-c-and-exact-stock-deduction-chromium\trace.zip

    ────────────────────────────────────────────────────────────────────────────────────────────────

  2) [chromium] › tests\15_promotions_pricing.spec.ts:192:7 › Module 15 - Promotions, Discounts & Customer Pricing › F4 evaluates BOGO and category promotions only for eligible cart lines 

    Error: expect(received).toContain(expected) // indexOf

    Expected value: "cmu4jd4jr00lt9ksm9zuy43u5"
    Received array: ["cmu4gli7e00634ssmbjjicnmj", "cmu4glh9600614ssmzxs4ggw9"]

      203 |     expect(evaluated.response.status()).toBe(200);
      204 |     const ids = evaluated.result.data.appliedDiscounts.map((d: any) => d.promotionId);
    > 205 |     expect(ids).toContain(category.id);
          |                 ^
      206 |     expect(ids).not.toContain(bogo.id);
      207 |   });
      208 |
        at E:\work_git_repos\pos-lite\erp\tests\15_promotions_pricing.spec.ts:205:17

    attachment #1: screenshot (image/png) ──────────────────────────────────────────────────────────
    test-results\15_promotions_pricing-Modu-37cc4-nly-for-eligible-cart-lines-chromium\test-failed-1.png
    ────────────────────────────────────────────────────────────────────────────────────────────────

    Error Context: test-results\15_promotions_pricing-Modu-37cc4-nly-for-eligible-cart-lines-chromium\error-context.md

    attachment #3: screenshot (image/png) ──────────────────────────────────────────────────────────
    test-results\15_promotions_pricing-Modu-37cc4-nly-for-eligible-cart-lines-chromium\test-failed-2.png
    ────────────────────────────────────────────────────────────────────────────────────────────────

    Error Context: test-results\15_promotions_pricing-Modu-37cc4-nly-for-eligible-cart-lines-chromium\error-context.md

    attachment #5: trace (application/zip) ─────────────────────────────────────────────────────────
    test-results\15_promotions_pricing-Modu-37cc4-nly-for-eligible-cart-lines-chromium\trace.zip
    Usage:

        npx playwright show-trace test-results\15_promotions_pricing-Modu-37cc4-nly-for-eligible-cart-lines-chromium\trace.zip

    ────────────────────────────────────────────────────────────────────────────────────────────────

  3) [chromium] › tests\20_timeclock_commissions.spec.ts:268:7 › Module 20 - Timeclock & Staff Commissions › T6 cross-tenant isolation prevents another tenant from reading or mutating a remote staff record 

    Error: expect(received).toContain(expected) // indexOf

    Expected value: 200
    Received array: [403, 404, 500]

      279 |     const otherTenantStaffId = 'tenant-remote-missing';
      280 |     const remoteHistory = await page.request.get(`/api/store/timeclock?userId=${otherTenantStaffId}&page=1&pageSize=5`);
    > 281 |     expect([403, 404, 500]).toContain(remoteHistory.status());
          |                             ^
      282 |   });
      283 |
      284 |   test('T7 timeclock notes accept Unicode and XSS payloads without server crashes', async ({ page }) => {
        at E:\work_git_repos\pos-lite\erp\tests\20_timeclock_commissions.spec.ts:281:29

    attachment #1: screenshot (image/png) ──────────────────────────────────────────────────────────
    test-results\20_timeclock_commissions-M-ff38f-ating-a-remote-staff-record-chromium\test-failed-1.png
    ────────────────────────────────────────────────────────────────────────────────────────────────

    Error Context: test-results\20_timeclock_commissions-M-ff38f-ating-a-remote-staff-record-chromium\error-context.md

    attachment #3: trace (application/zip) ─────────────────────────────────────────────────────────
    test-results\20_timeclock_commissions-M-ff38f-ating-a-remote-staff-record-chromium\trace.zip
    Usage:

        npx playwright show-trace test-results\20_timeclock_commissions-M-ff38f-ating-a-remote-staff-record-chromium\trace.zip

    ────────────────────────────────────────────────────────────────────────────────────────────────

  3 failed
    [chromium] › tests\14_pos_billing.spec.ts:191:7 › Module 14 - POS Billing & Checkout › F3 applies Decimal-safe discount/tax arithmetic and exact stock deduction 
    [chromium] › tests\15_promotions_pricing.spec.ts:192:7 › Module 15 - Promotions, Discounts & Customer Pricing › F4 evaluates BOGO and category promotions only for eligible cart lines 
    [chromium] › tests\20_timeclock_commissions.spec.ts:268:7 › Module 20 - Timeclock & Staff Commissions › T6 cross-tenant isolation prevents another tenant from reading or mutating a remote staff record 
