◇ injected env (0) from .env.local // tip: ⌘ custom filepath { path: '/custom/path/.env' }
◇ injected env (22) from .env // tip: ⌁ auth for agents [www.vestauth.com]

Running 52 tests using 1 worker

  ✓   1 [chromium] › tests\29_website_cms.spec.ts:145:7 › §0 Snapshot & baseline › captures the tenant website config for exact restore (11.4s)
  ✓   2 [chromium] › tests\29_website_cms.spec.ts:163:7 › §1 Functional & business logic › F1: GET returns the config with heroSlides + ads relations (7.0s)
  ✓   3 [chromium] › tests\29_website_cms.spec.ts:172:7 › §1 Functional & business logic › F2: PUT persists branding + SEO fields (full round-trip) (8.5s)
  ✓   4 [chromium] › tests\29_website_cms.spec.ts:186:7 › §1 Functional & business logic › F3: PUT persists color/typography fields (7-char color contract) (8.5s)
  ✓   5 [chromium] › tests\29_website_cms.spec.ts:201:7 › §1 Functional & business logic › F4: hero slide POST creates a row visible in the config relations (8.9s)
  ✓   6 [chromium] › tests\29_website_cms.spec.ts:213:7 › §1 Functional & business logic › F5: hero slide PATCH updates fields; DELETE removes it (12.3s)
  ✓   7 [chromium] › tests\29_website_cms.spec.ts:230:7 › §1 Functional & business logic › F6: hero slide POST rejects invalid mediaType and empty mediaUrl (400) (9.0s)
  ✓   8 [chromium] › tests\29_website_cms.spec.ts:240:7 › §1 Functional & business logic › F7: ad POST creates a row; PATCH updates; DELETE removes (10.9s)
  ✓   9 [chromium] › tests\29_website_cms.spec.ts:254:7 › §1 Functional & business logic › F8: ad POST rejects invalid position enum and missing name (400) (14.8s)
  ✓  10 [chromium] › tests\29_website_cms.spec.ts:262:7 › §1 Functional & business logic › F9: ad scheduling window (startsAt/endsAt) round-trips as ISO dates (11.8s)
  ✓  11 [chromium] › tests\29_website_cms.spec.ts:282:7 › §1 Functional & business logic › F10: PUT with heroSlides arrays reconciles relation rows exactly (full replace) (12.5s)
  ✓  12 [chromium] › tests\29_website_cms.spec.ts:298:7 › §1 Functional & business logic › F11: PUT skips media-less slide drafts per item instead of rejecting the save (10.1s)
  ✓  13 [chromium] › tests\29_website_cms.spec.ts:316:7 › §1 Functional & business logic › F12: categories endpoint returns the tenant catalog (id/name) (7.6s)
  ✓  14 [chromium] › tests\29_website_cms.spec.ts:329:7 › §1 Functional & business logic › F13: products endpoint returns simplified rows for the picker (7.4s)
  ✓  15 [chromium] › tests\29_website_cms.spec.ts:348:7 › §2 Precision & price formatting › P1: website products expose retailPrice with 2-dp LKR-safe values (7.2s)
  ✓  16 [chromium] › tests\29_website_cms.spec.ts:363:7 › §2 Precision & price formatting › P2: products pagination contract (limit clamped 1..100, page floored at 1) (7.2s)
  ✓  17 [chromium] › tests\29_website_cms.spec.ts:377:7 › §3 Cross-module cascade & impact › L1: website products reflect the live inventory catalog (Module 02 source) (9.0s)
  ✓  18 [chromium] › tests\29_website_cms.spec.ts:394:7 › §3 Cross-module cascade & impact › L2 (BUG-69 pin): website categories must exclude soft-deleted rows (7.6s)
  ✓  19 [chromium] › tests\29_website_cms.spec.ts:410:7 › §3 Cross-module cascade & impact › L3: config save triggers storefront revalidation without failing the save (8.6s)
  ✓  20 [chromium] › tests\29_website_cms.spec.ts:425:7 › §4 Audit trail, reset & immutability › A1: config upsert writes a WebsiteConfig audit row (8.9s)
  ✓  21 [chromium] › tests\29_website_cms.spec.ts:440:7 › §4 Audit trail, reset & immutability › A2: DELETE /website resets all fields to null and clears slides/ads (35.9s)
  ✓  22 [chromium] › tests\29_website_cms.spec.ts:456:7 › §4 Audit trail, reset & immutability › A3: repeated DELETE /website is idempotent-safe (still 200, reset true) (8.6s)
  ✓  23 [chromium] › tests\29_website_cms.spec.ts:463:7 › §4 Audit trail, reset & immutability › A4: PATCH after slide DELETE fails typed (row is hard-deleted) (10.4s)
  ✓  24 [chromium] › tests\29_website_cms.spec.ts:478:7 › §5 Chaos, button spamming & race conditions › R1: rapid double PUT cannot duplicate the config (tenantId unique) (10.6s)
  ✓  25 [chromium] › tests\29_website_cms.spec.ts:491:7 › §5 Chaos, button spamming & race conditions › R2: concurrent slide creates all persist (independent rows) (10.1s)
  ✓  26 [chromium] › tests\29_website_cms.spec.ts:503:7 › §5 Chaos, button spamming & race conditions › R3: repeated same-payload PUT applies once (id stable, value single-set) (10.1s)
  ✓  27 [chromium] › tests\29_website_cms.spec.ts:522:7 › §6 Hardware & device simulation › H1: website-asset upload accepts a PNG image (R2-backed) (7.4s)
  ✓  28 [chromium] › tests\29_website_cms.spec.ts:540:7 › §6 Hardware & device simulation › H2: website-asset upload rejects non-media MIME with 400 (7.1s)
  ✓  29 [chromium] › tests\29_website_cms.spec.ts:577:7 › §7 Network resilience & offline sync › N2: PUT with malformed JSON never silently succeeds (6.8s)
  ✓  30 [chromium] › tests\29_website_cms.spec.ts:586:7 › §7 Network resilience & offline sync › N3: slide POST with malformed JSON is rejected (no 201) (7.6s)
  ✓  31 [chromium] › tests\29_website_cms.spec.ts:600:7 › §8 Security, RBAC & multi-tenant isolation › S1: unauthenticated access to website endpoints is rejected with 401 (270ms)
  ✓  32 [chromium] › tests\29_website_cms.spec.ts:611:7 › §8 Security, RBAC & multi-tenant isolation › S2 (OBS-41 pin): cashier is forbidden from reading AND writing the website CMS (403) (15.0s)
  ✓  33 [chromium] › tests\29_website_cms.spec.ts:628:7 › §8 Security, RBAC & multi-tenant isolation › S3: settings/website page is blocked for CASHIER (redirected away) (12.0s)
  ✓  34 [chromium] › tests\29_website_cms.spec.ts:640:7 › §8 Security, RBAC & multi-tenant isolation › S4 (BUG-68 pin): cross-tenant hero-slide PATCH must be rejected (IDOR probe) (21.2s)
  ✓  35 [chromium] › tests\29_website_cms.spec.ts:658:7 › §8 Security, RBAC & multi-tenant isolation › S5 (BUG-68 pin): cross-tenant hero-slide DELETE must be rejected (IDOR probe) (21.1s)
  ✓  36 [chromium] › tests\29_website_cms.spec.ts:670:7 › §8 Security, RBAC & multi-tenant isolation › S6 (BUG-68 pin): cross-tenant ad PATCH must be rejected (IDOR probe) (21.7s)
  ✓  37 [chromium] › tests\29_website_cms.spec.ts:682:7 › §8 Security, RBAC & multi-tenant isolation › S7: Lanka owner reads its own config — never dilani content (6.6s)
  ✓  38 [chromium] › tests\29_website_cms.spec.ts:692:7 › §8 Security, RBAC & multi-tenant isolation › S8: config GET is tenant-scoped (dilani owner sees only dilani rows) (7.2s)
  ✓  39 [chromium] › tests\29_website_cms.spec.ts:705:7 › §9 Boundary inputs & chaos data › X1: siteName over 100 chars is rejected (400) (6.8s)
  ✓  40 [chromium] › tests\29_website_cms.spec.ts:713:7 › §9 Boundary inputs & chaos data › X2: color fields over 7 chars are rejected (400) (6.4s)
  ✓  41 [chromium] › tests\29_website_cms.spec.ts:719:7 › §9 Boundary inputs & chaos data › X3: shopProductsPerPage outside 1..100 is rejected (400) (7.5s)
  ✓  42 [chromium] › tests\29_website_cms.spec.ts:727:7 › §9 Boundary inputs & chaos data › X4: Unicode (Sinhala/Tamil/emoji) siteName round-trips intact (9.2s)
  ✓  43 [chromium] › tests\29_website_cms.spec.ts:736:7 › §9 Boundary inputs & chaos data › X5: XSS payload in siteName is stored raw but never executes in the UI (13.2s)
  ✓  44 [chromium] › tests\29_website_cms.spec.ts:749:7 › §9 Boundary inputs & chaos data › X6: navItems with hostile entries (empty label, __proto__) never 500 (10.2s)
  ✓  45 [chromium] › tests\29_website_cms.spec.ts:760:7 › §9 Boundary inputs & chaos data › X7: sections JSON accepts documented section keys and tolerates junk (24.9s)
  ✓  46 [chromium] › tests\29_website_cms.spec.ts:772:7 › §9 Boundary inputs & chaos data › X8: slide title at the 200-char boundary is accepted; 201 rejected (12.2s)
  ✓  47 [chromium] › tests\29_website_cms.spec.ts:781:7 › §9 Boundary inputs & chaos data › X9: ad name at the 100-char boundary is accepted; 101 rejected (10.6s)
  ✓  48 [chromium] › tests\29_website_cms.spec.ts:795:7 › §10 Time-travel & retroactive handling › T1: ad with a past window (ended 1999) stores the window intact (10.9s)
  ✓  49 [chromium] › tests\29_website_cms.spec.ts:808:7 › §10 Time-travel & retroactive handling › T2: ad with a future window (2099) is stored; isActive stays editor-owned (10.3s)
  ✓  50 [chromium] › tests\29_website_cms.spec.ts:818:7 › §10 Time-travel & retroactive handling › T3: config updatedAt advances on save; createdAt is stable (11.2s)
  ✓  51 [chromium] › tests\29_website_cms.spec.ts:831:7 › §10 Time-travel & retroactive handling › T4: invalid date strings in ad scheduling are rejected with 400 (12.1s)
  ✓  52 [chromium] › tests\29_website_cms.spec.ts:862:7 › cleanup: restore original website config › restores the snapshot config + relation rows (12.3s)

  Slow test file: [chromium] › tests\29_website_cms.spec.ts (9.4m)
  Consider running tests from slow files in parallel. See: https://playwright.dev/docs/test-parallel
  52 passed (9.5m)
