◇ injected env (0) from .env.local // tip: ⌁ auth for agents [www.vestauth.com]
◇ injected env (22) from .env // tip: ⌘ override existing { override: true }
◇ injected env (0) from .env.local // tip: ⌘ override existing { override: true }
◇ injected env (0) from .env // tip: ⌘ custom filepath { path: '/custom/path/.env' }

Running 40 tests using 1 worker

◇ injected env (0) from .env.local // tip: ⌘ multiple files { path: ['.env.local', '.env'] }
◇ injected env (0) from .env // tip: ⌘ suppress logs { quiet: true }
  ✓   1 [chromium] › tests\30_payments_billing.spec.ts:284:7 › §1 Functional & business logic › F1 (M30-01 / BUG-70 pin): seeded tenant HAS a TRIAL subscription — billing page renders (14.9s)
  ✓   2 [chromium] › tests\30_payments_billing.spec.ts:318:7 › §1 Functional & business logic › F2: cancel route returns the real subscription contract (M30-01) (8.3s)
  ✓   3 [chromium] › tests\30_payments_billing.spec.ts:337:7 › §1 Functional & business logic › F3: plans API lists active plans by default (M08-05/OBS-17), seeded names present (8.0s)
  ✓   4 [chromium] › tests\30_payments_billing.spec.ts:364:7 › §1 Functional & business logic › F4: plans POST requires SUPER_ADMIN (owner gets 403) (15.4s)
  ✓   5 [chromium] › tests\30_payments_billing.spec.ts:372:7 › §1 Functional & business logic › F5: plans PATCH on unknown id fails typed (SUPER_ADMIN) (8.0s)
  ✓   6 [chromium] › tests\30_payments_billing.spec.ts:383:7 › §1 Functional & business logic › F6: invoice PDF route rejects unknown ids with 404 (authed owner) (8.3s)
  ✓   7 [chromium] › tests\30_payments_billing.spec.ts:389:7 › §1 Functional & business logic › F7: payment-methods page renders for the seeded subscription (M30-01) (9.9s)
  ✓   8 [chromium] › tests\30_payments_billing.spec.ts:406:7 › §1 Functional & business logic › F8 (M08-05 / BUG-39 pin): duplicate plan name → typed 409 CONFLICT, never an empty 500 (6.3s)
  ✓   9 [chromium] › tests\30_payments_billing.spec.ts:425:7 › §2 Financial & calculation precision › P1: plan prices serialize as 2-dp-safe Decimal values (6.2s)
  ✓  10 [chromium] › tests\30_payments_billing.spec.ts:438:7 › §2 Financial & calculation precision › P2: IPN amount parsing — non-numeric amounts never corrupt state (760ms)
  ✓  11 [chromium] › tests\30_payments_billing.spec.ts:452:7 › §2 Financial & calculation precision › P3: billing-period math contract — monthly=30d, annual=365d, due=+7d (10.0s)
  ✓  12 [chromium] › tests\30_payments_billing.spec.ts:490:7 › §3 Cross-module cascade & impact › L1 (BUG-71/M30-02 gate pin): invalid-signature IPN is rejected with a reason code, order path never runs (154ms)
  ✓  13 [chromium] › tests\30_payments_billing.spec.ts:506:7 › §3 Cross-module cascade & impact › L2: plans are the pricing source for checkout (Module 08 linkage) (6.3s)
  ✓  14 [chromium] › tests\30_payments_billing.spec.ts:529:7 › §4 Audit trail & idempotency › A1 (BUG-72/M30-03 pin): a forged-signature IPN for a REAL invoice creates ZERO InvoicePaymentEvent rows (12.9s)
  -  15 [chromium] › tests\30_payments_billing.spec.ts:618:7 › §4 Audit trail & idempotency › A1b (BUG-72/M30-03 pin, correctly-signed half): a valid-signature IPN creates EXACTLY ONE InvoicePaymentEvent row
  ✓  16 [chromium] › tests\30_payments_billing.spec.ts:672:7 › §4 Audit trail & idempotency › A2: duplicate IPN replay for an unknown invoice is a safe no-op — identical decisive body (178ms)
  ✓  17 [chromium] › tests\30_payments_billing.spec.ts:689:7 › §4 Audit trail & idempotency › A3: cancel replays converge on 409 already-cancelled — never 404 (M30-01) (9.0s)
  ✓  18 [chromium] › tests\30_payments_billing.spec.ts:710:7 › §5 Chaos, button spamming & race conditions › R1: concurrent cancel PATCHes never 500 and never 404 (M30-01) (6.9s)
  ✓  19 [chromium] › tests\30_payments_billing.spec.ts:726:7 › §5 Chaos, button spamming & race conditions › R2: webhook flood (10 rapid IPNs) — always 200, no crash (258ms)
  ✓  20 [chromium] › tests\30_payments_billing.spec.ts:739:7 › §5 Chaos, button spamming & race conditions › R3: malformed webhook bodies (empty, binary, huge) never 500 (166ms)
  ✓  21 [chromium] › tests\30_payments_billing.spec.ts:762:7 › §6 Hardware & device simulation › H1: IPN with scanner-style rapid field noise parses safely (135ms)
  ✓  22 [chromium] › tests\30_payments_billing.spec.ts:776:7 › §6 Hardware & device simulation › H2: invoice PDF endpoint returns print-optimized HTML for a real invoice (6.6s)
  ✓  23 [chromium] › tests\30_payments_billing.spec.ts:788:7 › §7 Network resilience & offline sync › N1: webhook survives a JSON body (wrong content-type) without 500 (174ms)
  ✓  24 [chromium] › tests\30_payments_billing.spec.ts:798:7 › §7 Network resilience & offline sync › N2: cron routes fail closed without a secret (401, not 500) (573ms)
  ✓  25 [chromium] › tests\30_payments_billing.spec.ts:805:7 › §7 Network resilience & offline sync › N3: cron routes reject a wrong-secret bearer token (146ms)
  ✓  26 [chromium] › tests\30_payments_billing.spec.ts:817:7 › §8 Security, RBAC & multi-tenant isolation › S1: unauthenticated cancel + PDF + plans are rejected (242ms)
  ✓  27 [chromium] › tests\30_payments_billing.spec.ts:827:7 › §8 Security, RBAC & multi-tenant isolation › S2: cashier cannot cancel the subscription (OWNER-only route) (5.6s)
  ✓  28 [chromium] › tests\30_payments_billing.spec.ts:835:7 › §8 Security, RBAC & multi-tenant isolation › S3: cashier cannot read plans or invoice PDFs (6.3s)
  ✓  29 [chromium] › tests\30_payments_billing.spec.ts:843:7 › §8 Security, RBAC & multi-tenant isolation › S4: webhook is public by design but signature-gated (no auth cookie needed) (142ms)
  ✓  30 [chromium] › tests\30_payments_billing.spec.ts:856:7 › §8 Security, RBAC & multi-tenant isolation › S5 (BUG-71/M30-02 pin): invalid-signature IPN with status_code=2 must NOT activate anything, and must say why (9.2s)
  ✓  31 [chromium] › tests\30_payments_billing.spec.ts:896:7 › §8 Security, RBAC & multi-tenant isolation › S6: cross-tenant invoice PDF access is blocked (403/404, never 200) (7.5s)
  ✓  32 [chromium] › tests\30_payments_billing.spec.ts:904:7 › §8 Security, RBAC & multi-tenant isolation › S7: plans API is SUPER_ADMIN-only (Lanka owner blocked) (6.4s)
  ✓  33 [chromium] › tests\30_payments_billing.spec.ts:915:7 › §9 Boundary inputs & chaos data › X1: IPN with Unicode/emoji order_id parses safely (150ms)
  ✓  34 [chromium] › tests\30_payments_billing.spec.ts:923:7 › §9 Boundary inputs & chaos data › X2: IPN with XSS payload in fields never reflects it unescaped (140ms)
  ✓  35 [chromium] › tests\30_payments_billing.spec.ts:936:7 › §9 Boundary inputs & chaos data › X3: IPN status_code chaos (0, 2, -1, -2, 999, garbage) all safe (224ms)
  ✓  36 [chromium] › tests\30_payments_billing.spec.ts:950:7 › §9 Boundary inputs & chaos data › X4: plans POST with hostile payloads is rejected (SUPER_ADMIN session) (6.4s)
  ✓  37 [chromium] › tests\30_payments_billing.spec.ts:965:7 › §9 Boundary inputs & chaos data › X5: cancel route with forged tenant context stays scoped to the session tenant (6.6s)
  ✓  38 [chromium] › tests\30_payments_billing.spec.ts:987:7 › §10 Time-travel & retroactive handling › T1: cron check-subscriptions with a wrong secret never mutates state (149ms)
  ✓  39 [chromium] › tests\30_payments_billing.spec.ts:994:7 › §10 Time-travel & retroactive handling › T2: IPN with a retroactive 1999 date field is ignored (server clock wins) (156ms)
  ✓  40 [chromium] › tests\30_payments_billing.spec.ts:1002:7 › §10 Time-travel & retroactive handling › T3: grace-period constant is 7 days (documented contract) (120ms)

  1 skipped
  39 passed (3.2m)
